src/controllers/analysis.controller.ts(20,17): error TS2345: Argument of type 'string | string[]' is not assignable to parameter of type 'string'.
  Type 'string[]' is not assignable to type 'string'.
src/controllers/analysis.controller.ts(30,68): error TS2345: Argument of type 'string | string[]' is not assignable to parameter of type 'string'.
  Type 'string[]' is not assignable to type 'string'.
src/controllers/boq.controller.ts(8,54): error TS2345: Argument of type 'string | string[]' is not assignable to parameter of type 'string'.
  Type 'string[]' is not assignable to type 'string'.
src/controllers/boq.controller.ts(20,61): error TS2345: Argument of type 'string | string[]' is not assignable to parameter of type 'string'.
  Type 'string[]' is not assignable to type 'string'.
src/controllers/boq.controller.ts(32,54): error TS2345: Argument of type 'string | string[]' is not assignable to parameter of type 'string'.
  Type 'string[]' is not assignable to type 'string'.
src/controllers/estimate.controller.ts(18,66): error TS2345: Argument of type 'string | string[]' is not assignable to parameter of type 'string'.
  Type 'string[]' is not assignable to type 'string'.
src/controllers/image.controller.ts(13,17): error TS2322: Type 'string | string[]' is not assignable to type 'string'.
  Type 'string[]' is not assignable to type 'string'.
src/controllers/image.controller.ts(27,60): error TS2345: Argument of type 'string | string[]' is not assignable to parameter of type 'string'.
  Type 'string[]' is not assignable to type 'string'.
src/controllers/image.controller.ts(36,54): error TS2345: Argument of type 'string | string[]' is not assignable to parameter of type 'string'.
  Type 'string[]' is not assignable to type 'string'.
src/controllers/project.controller.ts(33,59): error TS2345: Argument of type 'string | string[]' is not assignable to parameter of type 'string'.
  Type 'string[]' is not assignable to type 'string'.
src/controllers/project.controller.ts(43,57): error TS2345: Argument of type 'string | string[]' is not assignable to parameter of type 'string'.
  Type 'string[]' is not assignable to type 'string'.
src/controllers/project.controller.ts(52,56): error TS2345: Argument of type 'string | string[]' is not assignable to parameter of type 'string'.
  Type 'string[]' is not assignable to type 'string'.
src/controllers/project.controller.ts(63,17): error TS2345: Argument of type 'string | string[]' is not assignable to parameter of type 'string'.
  Type 'string[]' is not assignable to type 'string'.
src/controllers/rate.controller.ts(26,77): error TS2345: Argument of type 'string | string[]' is not assignable to parameter of type 'string'.
  Type 'string[]' is not assignable to type 'string'.
src/controllers/rate.controller.ts(32,79): error TS2345: Argument of type 'string | string[]' is not assignable to parameter of type 'string'.
  Type 'string[]' is not assignable to type 'string'.
src/controllers/rate.controller.ts(55,74): error TS2345: Argument of type 'string | string[]' is not assignable to parameter of type 'string'.
  Type 'string[]' is not assignable to type 'string'.
src/controllers/rate.controller.ts(61,76): error TS2345: Argument of type 'string | string[]' is not assignable to parameter of type 'string'.
  Type 'string[]' is not assignable to type 'string'.
src/controllers/rate.controller.ts(84,78): error TS2345: Argument of type 'string | string[]' is not assignable to parameter of type 'string'.
  Type 'string[]' is not assignable to type 'string'.
src/controllers/rate.controller.ts(90,80): error TS2345: Argument of type 'string | string[]' is not assignable to parameter of type 'string'.
  Type 'string[]' is not assignable to type 'string'.
src/controllers/user.controller.ts(18,53): error TS2345: Argument of type 'string | string[]' is not assignable to parameter of type 'string'.
  Type 'string[]' is not assignable to type 'string'.
src/controllers/user.controller.ts(27,51): error TS2345: Argument of type 'string | string[]' is not assignable to parameter of type 'string'.
  Type 'string[]' is not assignable to type 'string'.
src/controllers/user.controller.ts(36,53): error TS2345: Argument of type 'string | string[]' is not assignable to parameter of type 'string'.
  Type 'string[]' is not assignable to type 'string'.
src/services/boq.service.ts(25,67): error TS2749: 'PDFDocument' refers to a value, but is being used as a type here. Did you mean 'typeof PDFDocument'?
src/utils/audit.ts(19,17): error TS2322: Type 'Record<string, unknown> | undefined' is not assignable to type 'NullableJsonNullValueInput | InputJsonValue | undefined'.
  Type 'Record<string, unknown>' is not assignable to type 'NullableJsonNullValueInput | InputJsonValue | undefined'.
    Type 'Record<string, unknown>' is missing the following properties from type 'readonly (InputJsonValue | null)[]': length, concat, join, slice, and 20 more.
